#1 [internal] load local bake definitions
#1 reading from stdin 588B 0.0s done
#1 DONE 0.0s

#2 [internal] load build definition from Dockerfile
#2 transferring dockerfile: 804B done
#2 DONE 0.0s

#3 [internal] load metadata for mcr.microsoft.com/dotnet/aspnet:10.0
#3 DONE 0.1s

#4 [internal] load metadata for mcr.microsoft.com/dotnet/sdk:10.0
#4 DONE 0.1s

#5 [internal] load .dockerignore
#5 transferring context: 2B done
#5 DONE 0.0s

#6 [build 1/6] FROM mcr.microsoft.com/dotnet/sdk:10.0@sha256:f061e5a7532b36fa1d1b684857fe1f504ba92115b9934f154643266613c44c62
#6 resolve mcr.microsoft.com/dotnet/sdk:10.0@sha256:f061e5a7532b36fa1d1b684857fe1f504ba92115b9934f154643266613c44c62 0.0s done
#6 DONE 0.0s

#7 [final 1/3] FROM mcr.microsoft.com/dotnet/aspnet:10.0@sha256:ccdca44cd4f256d50187f920dc8ccc2a9ea7a8a4597ac1d51e08fddb2e3b3205
#7 resolve mcr.microsoft.com/dotnet/aspnet:10.0@sha256:ccdca44cd4f256d50187f920dc8ccc2a9ea7a8a4597ac1d51e08fddb2e3b3205 0.0s done
#7 DONE 0.0s

#8 [internal] load build context
#8 transferring context: 27.70kB 0.0s done
#8 DONE 0.0s

#9 [build 3/6] COPY [MushroomMonitor.csproj, ./]
#9 CACHED

#10 [build 2/6] WORKDIR /src
#10 CACHED

#11 [build 4/6] RUN dotnet restore "MushroomMonitor.csproj"
#11 CACHED

#12 [build 5/6] COPY . .
#12 CACHED

#13 [build 6/6] RUN dotnet build "MushroomMonitor.csproj" -c Release -o /app/build
#13 1.170   Determining projects to restore...
#13 2.540   Restored /src/MushroomMonitor.csproj (in 933 ms).
#13 9.126 /src/Services/MqttBackgroundService.cs(24,13): error CS0103: The name '_configuration' does not exist in the current context [/src/MushroomMonitor.csproj]
#13 9.126 /src/Services/MqttBackgroundService.cs(33,33): error CS0103: The name '_configuration' does not exist in the current context [/src/MushroomMonitor.csproj]
#13 9.140 
#13 9.141 Build FAILED.
#13 9.141 
#13 9.141 /src/Services/MqttBackgroundService.cs(24,13): error CS0103: The name '_configuration' does not exist in the current context [/src/MushroomMonitor.csproj]
#13 9.141 /src/Services/MqttBackgroundService.cs(33,33): error CS0103: The name '_configuration' does not exist in the current context [/src/MushroomMonitor.csproj]
#13 9.141     0 Warning(s)
#13 9.141     2 Error(s)
#13 9.142 
#13 9.142 Time Elapsed 00:00:08.61
#13 ERROR: process "/bin/sh -c dotnet build \"MushroomMonitor.csproj\" -c Release -o /app/build" did not complete successfully: exit code: 1
------
 > [build 6/6] RUN dotnet build "MushroomMonitor.csproj" -c Release -o /app/build:
9.126 /src/Services/MqttBackgroundService.cs(33,33): error CS0103: The name '_configuration' does not exist in the current context [/src/MushroomMonitor.csproj]
9.140 
9.141 Build FAILED.
9.141 
9.141 /src/Services/MqttBackgroundService.cs(24,13): error CS0103: The name '_configuration' does not exist in the current context [/src/MushroomMonitor.csproj]
9.141 /src/Services/MqttBackgroundService.cs(33,33): error CS0103: The name '_configuration' does not exist in the current context [/src/MushroomMonitor.csproj]
9.141     0 Warning(s)
9.141     2 Error(s)
9.142 
9.142 Time Elapsed 00:00:08.61
------
